*Synopsis,for_flow
*Date,Mon Jul  7 16:22:11 2014
*cfg,trombe_wall_crackg.cfg
*Pressures, 29
1:1 exposed wall                        
1:1 exposed roof <10deg                 
1:1 exposed roof 10-30deg               
1:1 exposed roof >30deg                 
1:1 semi-exposed wall                   
1:1 semi-exposed roof <10deg            
1:1 semi-exposed roof 10-30deg          
1:1 semi-exposed roof >30deg            
1:1 sheltered wall                      
1:1 sheltered roof <10deg               
1:1 sheltered roof 10-30deg             
1:1 sheltered roof >30deg               
2:1 exposed long wall                   
1:2 exposed short wall                  
2:1 exposed roof <10deg                 
2:1 exposed roof 10-30deg               
2:1 exposed roof >30deg                 
2:1 semi-exposed long wall              
2:1 semi-exposed short wall             
2:1 semi-exposed roof <10deg            
2:1 semi-exposed roof 10-30deg          
2:1 semi-exposed roof >30deg            
2:1 sheltered long wall                 
2:1 sheltered short wall                
2:1 sheltered roof <10deg               
2:1 sheltered roof 10-30deg             
2:1 sheltered roof >30deg               
1:1 exposed wall                        
1:1 exposed roof no pitch               
*End_Pressures
*Zones,  6 # name, volume, centre @ XYZ
trombe_low,0.6,2.000,1.100,0.375
trombe_mid,0.6,2.000,1.100,1.125
trombe_mid2,0.6,2.000,1.100,1.875
trombe_up,0.6,2.000,1.100,2.625
bypass,0.1,-0.100,1.100,1.500
office,49.5,2.000,3.450,1.500
*End_Zones
*Surfaces,  43 # connection, description, area, azimuth, elevation,  Z Min/COG/Max
   1 front in trombe_low >|< External,trombe_low,front,3.000,180.000,0.000,0.000,0.375,0.750
   2 right in trombe_low >|< Identical,trombe_low,right,0.150,90.000,0.000,0.000,0.375,0.750
   3 trombe_face:trombe_low >|< wall_tlow:office,trombe_low,trombe_face,3.000,0.000,0.000,0.000,0.375,0.750
   4 fict_left:trombe_low >|< fict_low:bypass,trombe_low,fict_left,0.150,270.000,0.000,0.000,0.375,0.750
   5 fict_up:trombe_low >|< fict_base:trombe_mid,trombe_low,fict_up,0.800,0.000,90.000,0.750,0.750,0.750
   6 base in trombe_low >|< ground,trombe_low,base,0.800,0.000,-90.000,0.000,0.000,0.000
   7 front in trombe_mid >|< External,trombe_mid,front,3.000,180.000,0.000,0.750,1.125,1.500
   8 right in trombe_mid >|< Identical,trombe_mid,right,0.150,90.000,0.000,0.750,1.125,1.500
   9 trombe_face:trombe_mid >|< wall_tmid:office,trombe_mid,trombe_face,3.000,360.000,0.000,0.750,1.125,1.500
  10 fict_left:trombe_mid >|< fict_mid:bypass,trombe_mid,fict_left,0.150,270.000,0.000,0.750,1.125,1.500
  11 fict_up:trombe_mid >|< fict_base:trombe_mi,trombe_mid,fict_up,0.800,0.000,90.000,1.500,1.500,1.500
  12 fict_base:trombe_mid >|< fict_up:trombe_low,trombe_mid,fict_base,0.800,0.000,-90.000,0.750,0.750,0.750
  13 front in trombe_mid2 >|< External,trombe_mid2,front,3.000,180.000,0.000,1.500,1.875,2.250
  14 right in trombe_mid2 >|< Identical,trombe_mid2,right,0.150,90.000,0.000,1.500,1.875,2.250
  15 trombe_face:trombe_mid2 >|< wall_tup:office,trombe_mid2,trombe_face,3.000,360.000,0.000,1.500,1.875,2.250
  16 fict_left:trombe_mid2 >|< fict_mid2:bypass,trombe_mid2,fict_left,0.150,270.000,0.000,1.500,1.875,2.250
  17 fict_up:trombe_mid2 >|< fict_base:trombe_up,trombe_mid2,fict_up,0.800,0.000,90.000,2.250,2.250,2.250
  18 fict_base:trombe_mid2 >|< fict_up:trombe_mi,trombe_mid2,fict_base,0.800,0.000,-90.000,1.500,1.500,1.500
  19 front in trombe_up >|< External,trombe_up,front,3.000,180.000,0.000,2.250,2.625,3.000
  20 right in trombe_up >|< Identical,trombe_up,right,0.150,90.000,0.000,2.250,2.625,3.000
  21 frame_open:trombe_up >|< open_frame:office,trombe_up,frame_open,3.000,360.000,0.000,2.250,2.625,3.000
  22 fict_left:trombe_up >|< fict_up:bypass,trombe_up,fict_left,0.150,270.000,0.000,2.250,2.625,3.000
  23 top in trombe_up >|< External,trombe_up,top,0.800,0.000,90.000,3.000,3.000,3.000
  24 fict_base:trombe_up >|< fict_up:trombe_mid2,trombe_up,fict_base,0.800,0.000,-90.000,2.250,2.250,2.250
  25 front in bypass >|< External,bypass,front,0.600,180.000,0.000,0.000,1.500,3.000
  26 back in bypass >|< adiabatic,bypass,back,0.600,360.000,0.000,0.000,1.500,3.000
  27 left in bypass >|< adiabatic,bypass,left,0.600,270.000,0.000,0.000,1.500,3.000
  28 top in bypass >|< adiabatic,bypass,top,0.040,0.000,90.000,3.000,3.000,3.000
  29 base in bypass >|< adiabatic,bypass,base,0.040,0.000,-90.000,0.000,0.000,0.000
  30 fict_low:bypass >|< fict_left:trombe_low,bypass,fict_low,0.150,90.000,0.000,0.000,0.375,0.750
  31 fict_mid:bypass >|< fict_left:trombe_mid,bypass,fict_mid,0.150,90.000,0.000,0.750,1.125,1.500
  32 fict_mid2:bypass >|< fict_left:trombe_mid2,bypass,fict_mid2,0.150,90.000,0.000,1.500,1.875,2.250
  33 fict_up:bypass >|< fict_left:trombe_up,bypass,fict_up,0.150,90.000,0.000,2.250,2.625,3.000
  34 wall_tlow:office >|< trombe_face:trombe_low,office,wall_tlow,3.000,180.000,0.000,0.000,0.375,0.750
  35 right_ptn in office >|< Identical,office,right_ptn,12.375,90.000,0.000,0.000,1.750,3.000
  36 back_ptn in office >|< Identical,office,back_ptn,12.000,0.000,0.000,0.000,1.500,3.000
  37 left_ptn in office >|< Identical,office,left_ptn,12.375,270.000,0.000,0.000,1.750,3.000
  38 ceiling in office >|< Identical,office,ceiling,18.000,0.000,90.000,3.000,3.000,3.000
  39 floor in office >|< ground,office,floor,16.000,0.000,-90.000,0.000,0.000,0.000
  40 open_frame:office >|< frame_open:trombe_up,office,open_frame,3.000,180.000,0.000,2.250,2.625,3.000
  41 wall_tmid:office >|< trombe_face:trombe_mid,office,wall_tmid,3.000,180.000,0.000,0.750,1.125,1.500
  42 wall_tup:office >|< trombe_face:trombe_mid2,office,wall_tup,3.000,180.000,0.000,1.500,1.875,2.250
  43 top_of_tw in office >|< Identical,office,top_of_tw,2.000,0.000,-90.000,2.250,2.250,2.250
*End_Surfaces
